(() #hash((0 . None) (1 . None) (2 . None) (3 . None)) #hash((0 . 0) (1 . 2) (2 . 3) (3 . 4) (4 . 5)) #hash() ((LOAD_CONST . 1) (STORE_FAST . 0) (LOAD_CONST . 2) (STORE_FAST . 1) (LOAD_CONST . 3) (STORE_FAST . 2) (LOAD_CONST . 4) (STORE_FAST . 3) (LOAD_CONST . 0) (RETURN_VALUE . 0)) 0)2((2) #hash((0 . None) (1 . None) (2 . None) (3 . None)) #hash((0 . 0) (1 . 2) (2 . 3) (3 . 4) (4 . 5)) #hash() ((LOAD_CONST . 1) (STORE_FAST . 0) (LOAD_CONST . 2) (STORE_FAST . 1) (LOAD_CONST . 3) (STORE_FAST . 2) (LOAD_CONST . 4) (STORE_FAST . 3) (LOAD_CONST . 0) (RETURN_VALUE . 0)) 1)(() #hash((0 . 2) (1 . None) (2 . None) (3 . None)) #hash((0 . 0) (1 . 2) (2 . 3) (3 . 4) (4 . 5)) #hash() ((LOAD_CONST . 1) (STORE_FAST . 0) (LOAD_CONST . 2) (STORE_FAST . 1) (LOAD_CONST . 3) (STORE_FAST . 2) (LOAD_CONST . 4) (STORE_FAST . 3) (LOAD_CONST . 0) (RETURN_VALUE . 0)) 2)3((3) #hash((0 . 2) (1 . None) (2 . None) (3 . None)) #hash((0 . 0) (1 . 2) (2 . 3) (3 . 4) (4 . 5)) #hash() ((LOAD_CONST . 1) (STORE_FAST . 0) (LOAD_CONST . 2) (STORE_FAST . 1) (LOAD_CONST . 3) (STORE_FAST . 2) (LOAD_CONST . 4) (STORE_FAST . 3) (LOAD_CONST . 0) (RETURN_VALUE . 0)) 3)(() #hash((0 . 2) (1 . 3) (2 . None) (3 . None)) #hash((0 . 0) (1 . 2) (2 . 3) (3 . 4) (4 . 5)) #hash() ((LOAD_CONST . 1) (STORE_FAST . 0) (LOAD_CONST . 2) (STORE_FAST . 1) (LOAD_CONST . 3) (STORE_FAST . 2) (LOAD_CONST . 4) (STORE_FAST . 3) (LOAD_CONST . 0) (RETURN_VALUE . 0)) 4)4((4) #hash((0 . 2) (1 . 3) (2 . None) (3 . None)) #hash((0 . 0) (1 . 2) (2 . 3) (3 . 4) (4 . 5)) #hash() ((LOAD_CONST . 1) (STORE_FAST . 0) (LOAD_CONST . 2) (STORE_FAST . 1) (LOAD_CONST . 3) (STORE_FAST . 2) (LOAD_CONST . 4) (STORE_FAST . 3) (LOAD_CONST . 0) (RETURN_VALUE . 0)) 5)(() #hash((0 . 2) (1 . 3) (2 . 4) (3 . None)) #hash((0 . 0) (1 . 2) (2 . 3) (3 . 4) (4 . 5)) #hash() ((LOAD_CONST . 1) (STORE_FAST . 0) (LOAD_CONST . 2) (STORE_FAST . 1) (LOAD_CONST . 3) (STORE_FAST . 2) (LOAD_CONST . 4) (STORE_FAST . 3) (LOAD_CONST . 0) (RETURN_VALUE . 0)) 6)5((5) #hash((0 . 2) (1 . 3) (2 . 4) (3 . None)) #hash((0 . 0) (1 . 2) (2 . 3) (3 . 4) (4 . 5)) #hash() ((LOAD_CONST . 1) (STORE_FAST . 0) (LOAD_CONST . 2) (STORE_FAST . 1) (LOAD_CONST . 3) (STORE_FAST . 2) (LOAD_CONST . 4) (STORE_FAST . 3) (LOAD_CONST . 0) (RETURN_VALUE . 0)) 7)(() #hash((0 . 2) (1 . 3) (2 . 4) (3 . 5)) #hash((0 . 0) (1 . 2) (2 . 3) (3 . 4) (4 . 5)) #hash() ((LOAD_CONST . 1) (STORE_FAST . 0) (LOAD_CONST . 2) (STORE_FAST . 1) (LOAD_CONST . 3) (STORE_FAST . 2) (LOAD_CONST . 4) (STORE_FAST . 3) (LOAD_CONST . 0) (RETURN_VALUE . 0)) 8)0((0) #hash((0 . 2) (1 . 3) (2 . 4) (3 . 5)) #hash((0 . 0) (1 . 2) (2 . 3) (3 . 4) (4 . 5)) #hash() ((LOAD_CONST . 1) (STORE_FAST . 0) (LOAD_CONST . 2) (STORE_FAST . 1) (LOAD_CONST . 3) (STORE_FAST . 2) (LOAD_CONST . 4) (STORE_FAST . 3) (LOAD_CONST . 0) (RETURN_VALUE . 0)) 9)