(() #hash((0 . None) (1 . None) (2 . None) (3 . None) (4 . None)) #hash((0 . 0) (1 . 5) (2 . 3) (3 . 2) (4 . 7)) #hash() ((LOAD_CONST . 1) (STORE_FAST . 0) (LOAD_FAST . 0) (STORE_FAST . 1) (LOAD_CONST . 2) (STORE_FAST . 0) (LOAD_CONST . 3) (STORE_FAST . 2) (LOAD_FAST . 2) (STORE_FAST . 3) (LOAD_CONST . 4) (STORE_FAST . 2) (LOAD_FAST . 3) (STORE_FAST . 4) (LOAD_CONST . 0) (RETURN_VALUE . 0)) 0)5((5) #hash((0 . None) (1 . None) (2 . None) (3 . None) (4 . None)) #hash((0 . 0) (1 . 5) (2 . 3) (3 . 2) (4 . 7)) #hash() ((LOAD_CONST . 1) (STORE_FAST . 0) (LOAD_FAST . 0) (STORE_FAST . 1) (LOAD_CONST . 2) (STORE_FAST . 0) (LOAD_CONST . 3) (STORE_FAST . 2) (LOAD_FAST . 2) (STORE_FAST . 3) (LOAD_CONST . 4) (STORE_FAST . 2) (LOAD_FAST . 3) (STORE_FAST . 4) (LOAD_CONST . 0) (RETURN_VALUE . 0)) 1)(() #hash((0 . 5) (1 . None) (2 . None) (3 . None) (4 . None)) #hash((0 . 0) (1 . 5) (2 . 3) (3 . 2) (4 . 7)) #hash() ((LOAD_CONST . 1) (STORE_FAST . 0) (LOAD_FAST . 0) (STORE_FAST . 1) (LOAD_CONST . 2) (STORE_FAST . 0) (LOAD_CONST . 3) (STORE_FAST . 2) (LOAD_FAST . 2) (STORE_FAST . 3) (LOAD_CONST . 4) (STORE_FAST . 2) (LOAD_FAST . 3) (STORE_FAST . 4) (LOAD_CONST . 0) (RETURN_VALUE . 0)) 2)5((5) #hash((0 . 5) (1 . None) (2 . None) (3 . None) (4 . None)) #hash((0 . 0) (1 . 5) (2 . 3) (3 . 2) (4 . 7)) #hash() ((LOAD_CONST . 1) (STORE_FAST . 0) (LOAD_FAST . 0) (STORE_FAST . 1) (LOAD_CONST . 2) (STORE_FAST . 0) (LOAD_CONST . 3) (STORE_FAST . 2) (LOAD_FAST . 2) (STORE_FAST . 3) (LOAD_CONST . 4) (STORE_FAST . 2) (LOAD_FAST . 3) (STORE_FAST . 4) (LOAD_CONST . 0) (RETURN_VALUE . 0)) 3)(() #hash((0 . 5) (1 . 5) (2 . None) (3 . None) (4 . None)) #hash((0 . 0) (1 . 5) (2 . 3) (3 . 2) (4 . 7)) #hash() ((LOAD_CONST . 1) (STORE_FAST . 0) (LOAD_FAST . 0) (STORE_FAST . 1) (LOAD_CONST . 2) (STORE_FAST . 0) (LOAD_CONST . 3) (STORE_FAST . 2) (LOAD_FAST . 2) (STORE_FAST . 3) (LOAD_CONST . 4) (STORE_FAST . 2) (LOAD_FAST . 3) (STORE_FAST . 4) (LOAD_CONST . 0) (RETURN_VALUE . 0)) 4)3((3) #hash((0 . 5) (1 . 5) (2 . None) (3 . None) (4 . None)) #hash((0 . 0) (1 . 5) (2 . 3) (3 . 2) (4 . 7)) #hash() ((LOAD_CONST . 1) (STORE_FAST . 0) (LOAD_FAST . 0) (STORE_FAST . 1) (LOAD_CONST . 2) (STORE_FAST . 0) (LOAD_CONST . 3) (STORE_FAST . 2) (LOAD_FAST . 2) (STORE_FAST . 3) (LOAD_CONST . 4) (STORE_FAST . 2) (LOAD_FAST . 3) (STORE_FAST . 4) (LOAD_CONST . 0) (RETURN_VALUE . 0)) 5)(() #hash((0 . 3) (1 . 5) (2 . None) (3 . None) (4 . None)) #hash((0 . 0) (1 . 5) (2 . 3) (3 . 2) (4 . 7)) #hash() ((LOAD_CONST . 1) (STORE_FAST . 0) (LOAD_FAST . 0) (STORE_FAST . 1) (LOAD_CONST . 2) (STORE_FAST . 0) (LOAD_CONST . 3) (STORE_FAST . 2) (LOAD_FAST . 2) (STORE_FAST . 3) (LOAD_CONST . 4) (STORE_FAST . 2) (LOAD_FAST . 3) (STORE_FAST . 4) (LOAD_CONST . 0) (RETURN_VALUE . 0)) 6)2((2) #hash((0 . 3) (1 . 5) (2 . None) (3 . None) (4 . None)) #hash((0 . 0) (1 . 5) (2 . 3) (3 . 2) (4 . 7)) #hash() ((LOAD_CONST . 1) (STORE_FAST . 0) (LOAD_FAST . 0) (STORE_FAST . 1) (LOAD_CONST . 2) (STORE_FAST . 0) (LOAD_CONST . 3) (STORE_FAST . 2) (LOAD_FAST . 2) (STORE_FAST . 3) (LOAD_CONST . 4) (STORE_FAST . 2) (LOAD_FAST . 3) (STORE_FAST . 4) (LOAD_CONST . 0) (RETURN_VALUE . 0)) 7)(() #hash((0 . 3) (1 . 5) (2 . 2) (3 . None) (4 . None)) #hash((0 . 0) (1 . 5) (2 . 3) (3 . 2) (4 . 7)) #hash() ((LOAD_CONST . 1) (STORE_FAST . 0) (LOAD_FAST . 0) (STORE_FAST . 1) (LOAD_CONST . 2) (STORE_FAST . 0) (LOAD_CONST . 3) (STORE_FAST . 2) (LOAD_FAST . 2) (STORE_FAST . 3) (LOAD_CONST . 4) (STORE_FAST . 2) (LOAD_FAST . 3) (STORE_FAST . 4) (LOAD_CONST . 0) (RETURN_VALUE . 0)) 8)2((2) #hash((0 . 3) (1 . 5) (2 . 2) (3 . None) (4 . None)) #hash((0 . 0) (1 . 5) (2 . 3) (3 . 2) (4 . 7)) #hash() ((LOAD_CONST . 1) (STORE_FAST . 0) (LOAD_FAST . 0) (STORE_FAST . 1) (LOAD_CONST . 2) (STORE_FAST . 0) (LOAD_CONST . 3) (STORE_FAST . 2) (LOAD_FAST . 2) (STORE_FAST . 3) (LOAD_CONST . 4) (STORE_FAST . 2) (LOAD_FAST . 3) (STORE_FAST . 4) (LOAD_CONST . 0) (RETURN_VALUE . 0)) 9)(() #hash((0 . 3) (1 . 5) (2 . 2) (3 . 2) (4 . None)) #hash((0 . 0) (1 . 5) (2 . 3) (3 . 2) (4 . 7)) #hash() ((LOAD_CONST . 1) (STORE_FAST . 0) (LOAD_FAST . 0) (STORE_FAST . 1) (LOAD_CONST . 2) (STORE_FAST . 0) (LOAD_CONST . 3) (STORE_FAST . 2) (LOAD_FAST . 2) (STORE_FAST . 3) (LOAD_CONST . 4) (STORE_FAST . 2) (LOAD_FAST . 3) (STORE_FAST . 4) (LOAD_CONST . 0) (RETURN_VALUE . 0)) 10)7((7) #hash((0 . 3) (1 . 5) (2 . 2) (3 . 2) (4 . None)) #hash((0 . 0) (1 . 5) (2 . 3) (3 . 2) (4 . 7)) #hash() ((LOAD_CONST . 1) (STORE_FAST . 0) (LOAD_FAST . 0) (STORE_FAST . 1) (LOAD_CONST . 2) (STORE_FAST . 0) (LOAD_CONST . 3) (STORE_FAST . 2) (LOAD_FAST . 2) (STORE_FAST . 3) (LOAD_CONST . 4) (STORE_FAST . 2) (LOAD_FAST . 3) (STORE_FAST . 4) (LOAD_CONST . 0) (RETURN_VALUE . 0)) 11)(() #hash((0 . 3) (1 . 5) (2 . 7) (3 . 2) (4 . None)) #hash((0 . 0) (1 . 5) (2 . 3) (3 . 2) (4 . 7)) #hash() ((LOAD_CONST . 1) (STORE_FAST . 0) (LOAD_FAST . 0) (STORE_FAST . 1) (LOAD_CONST . 2) (STORE_FAST . 0) (LOAD_CONST . 3) (STORE_FAST . 2) (LOAD_FAST . 2) (STORE_FAST . 3) (LOAD_CONST . 4) (STORE_FAST . 2) (LOAD_FAST . 3) (STORE_FAST . 4) (LOAD_CONST . 0) (RETURN_VALUE . 0)) 12)2((2) #hash((0 . 3) (1 . 5) (2 . 7) (3 . 2) (4 . None)) #hash((0 . 0) (1 . 5) (2 . 3) (3 . 2) (4 . 7)) #hash() ((LOAD_CONST . 1) (STORE_FAST . 0) (LOAD_FAST . 0) (STORE_FAST . 1) (LOAD_CONST . 2) (STORE_FAST . 0) (LOAD_CONST . 3) (STORE_FAST . 2) (LOAD_FAST . 2) (STORE_FAST . 3) (LOAD_CONST . 4) (STORE_FAST . 2) (LOAD_FAST . 3) (STORE_FAST . 4) (LOAD_CONST . 0) (RETURN_VALUE . 0)) 13)(() #hash((0 . 3) (1 . 5) (2 . 7) (3 . 2) (4 . 2)) #hash((0 . 0) (1 . 5) (2 . 3) (3 . 2) (4 . 7)) #hash() ((LOAD_CONST . 1) (STORE_FAST . 0) (LOAD_FAST . 0) (STORE_FAST . 1) (LOAD_CONST . 2) (STORE_FAST . 0) (LOAD_CONST . 3) (STORE_FAST . 2) (LOAD_FAST . 2) (STORE_FAST . 3) (LOAD_CONST . 4) (STORE_FAST . 2) (LOAD_FAST . 3) (STORE_FAST . 4) (LOAD_CONST . 0) (RETURN_VALUE . 0)) 14)0((0) #hash((0 . 3) (1 . 5) (2 . 7) (3 . 2) (4 . 2)) #hash((0 . 0) (1 . 5) (2 . 3) (3 . 2) (4 . 7)) #hash() ((LOAD_CONST . 1) (STORE_FAST . 0) (LOAD_FAST . 0) (STORE_FAST . 1) (LOAD_CONST . 2) (STORE_FAST . 0) (LOAD_CONST . 3) (STORE_FAST . 2) (LOAD_FAST . 2) (STORE_FAST . 3) (LOAD_CONST . 4) (STORE_FAST . 2) (LOAD_FAST . 3) (STORE_FAST . 4) (LOAD_CONST . 0) (RETURN_VALUE . 0)) 15)