(() #hash((0 . None) (1 . None) (2 . None) (3 . None) (4 . None) (5 . None) (6 . None) (7 . None) (8 . None) (9 . None) (10 . None) (11 . None) (12 . None) (13 . None)) #hash((0 . 0) (1 . 5) (2 . 7) (3 . 3) (4 . 2) (5 . 9) (6 . ana) (7 . are) (8 . mere) (9 . 1) (10 . (1 2))) #hash((0 . h)) ((LOAD_CONST . 1) (STORE_FAST . 0) (LOAD_CONST . 2) (STORE_FAST . 1) (LOAD_FAST . 0) (STORE_FAST . 2) (LOAD_CONST . 3) (STORE_FAST . 0) (LOAD_CONST . 4) (STORE_FAST . 3) (LOAD_FAST . 3) (STORE_FAST . 4) (LOAD_CONST . 2) (STORE_FAST . 3) (LOAD_FAST . 4) (STORE_FAST . 1) (LOAD_FAST . 0) (STORE_FAST . 5) (LOAD_FAST . 2) (STORE_FAST . 6) (LOAD_CONST . 5) (STORE_FAST . 4) (LOAD_CONST . 5) (STORE_FAST . 1) (LOAD_FAST . 4) (STORE_FAST . 6) (LOAD_GLOBAL . 0) (STORE_FAST . 5) (LOAD_CONST . 4) (STORE_FAST . 7) (LOAD_CONST . 3) (STORE_FAST . 8) (LOAD_FAST . 7) (STORE_FAST . 9) (LOAD_CONST . 6) (STORE_FAST . 10) (LOAD_CONST . 7) (STORE_FAST . 11) (LOAD_CONST . 8) (STORE_FAST . 12) (LOAD_CONST . 10) (STORE_FAST . 13) (LOAD_CONST . 0) (RETURN_VALUE . 0)) 0)5((5) #hash((0 . None) (1 . None) (2 . None) (3 . None) (4 . None) (5 . None) (6 . None) (7 . None) (8 . None) (9 . None) (10 . None) (11 . None) (12 . None) (13 . None)) #hash((0 . 0) (1 . 5) (2 . 7) (3 . 3) (4 . 2) (5 . 9) (6 . ana) (7 . are) (8 . mere) (9 . 1) (10 . (1 2))) #hash((0 . h)) ((LOAD_CONST . 1) (STORE_FAST . 0) (LOAD_CONST . 2) (STORE_FAST . 1) (LOAD_FAST . 0) (STORE_FAST . 2) (LOAD_CONST . 3) (STORE_FAST . 0) (LOAD_CONST . 4) (STORE_FAST . 3) (LOAD_FAST . 3) (STORE_FAST . 4) (LOAD_CONST . 2) (STORE_FAST . 3) (LOAD_FAST . 4) (STORE_FAST . 1) (LOAD_FAST . 0) (STORE_FAST . 5) (LOAD_FAST . 2) (STORE_FAST . 6) (LOAD_CONST . 5) (STORE_FAST . 4) (LOAD_CONST . 5) (STORE_FAST . 1) (LOAD_FAST . 4) (STORE_FAST . 6) (LOAD_GLOBAL . 0) (STORE_FAST . 5) (LOAD_CONST . 4) (STORE_FAST . 7) (LOAD_CONST . 3) (STORE_FAST . 8) (LOAD_FAST . 7) (STORE_FAST . 9) (LOAD_CONST . 6) (STORE_FAST . 10) (LOAD_CONST . 7) (STORE_FAST . 11) (LOAD_CONST . 8) (STORE_FAST . 12) (LOAD_CONST . 10) (STORE_FAST . 13) (LOAD_CONST . 0) (RETURN_VALUE . 0)) 1)(() #hash((0 . 5) (1 . None) (2 . None) (3 . None) (4 . None) (5 . None) (6 . None) (7 . None) (8 . None) (9 . None) (10 . None) (11 . None) (12 . None) (13 . None)) #hash((0 . 0) (1 . 5) (2 . 7) (3 . 3) (4 . 2) (5 . 9) (6 . ana) (7 . are) (8 . mere) (9 . 1) (10 . (1 2))) #hash((0 . h)) ((LOAD_CONST . 1) (STORE_FAST . 0) (LOAD_CONST . 2) (STORE_FAST . 1) (LOAD_FAST . 0) (STORE_FAST . 2) (LOAD_CONST . 3) (STORE_FAST . 0) (LOAD_CONST . 4) (STORE_FAST . 3) (LOAD_FAST . 3) (STORE_FAST . 4) (LOAD_CONST . 2) (STORE_FAST . 3) (LOAD_FAST . 4) (STORE_FAST . 1) (LOAD_FAST . 0) (STORE_FAST . 5) (LOAD_FAST . 2) (STORE_FAST . 6) (LOAD_CONST . 5) (STORE_FAST . 4) (LOAD_CONST . 5) (STORE_FAST . 1) (LOAD_FAST . 4) (STORE_FAST . 6) (LOAD_GLOBAL . 0) (STORE_FAST . 5) (LOAD_CONST . 4) (STORE_FAST . 7) (LOAD_CONST . 3) (STORE_FAST . 8) (LOAD_FAST . 7) (STORE_FAST . 9) (LOAD_CONST . 6) (STORE_FAST . 10) (LOAD_CONST . 7) (STORE_FAST . 11) (LOAD_CONST . 8) (STORE_FAST . 12) (LOAD_CONST . 10) (STORE_FAST . 13) (LOAD_CONST . 0) (RETURN_VALUE . 0)) 2)7((7) #hash((0 . 5) (1 . None) (2 . None) (3 . None) (4 . None) (5 . None) (6 . None) (7 . None) (8 . None) (9 . None) (10 . None) (11 . None) (12 . None) (13 . None)) #hash((0 . 0) (1 . 5) (2 . 7) (3 . 3) (4 . 2) (5 . 9) (6 . ana) (7 . are) (8 . mere) (9 . 1) (10 . (1 2))) #hash((0 . h)) ((LOAD_CONST . 1) (STORE_FAST . 0) (LOAD_CONST . 2) (STORE_FAST . 1) (LOAD_FAST . 0) (STORE_FAST . 2) (LOAD_CONST . 3) (STORE_FAST . 0) (LOAD_CONST . 4) (STORE_FAST . 3) (LOAD_FAST . 3) (STORE_FAST . 4) (LOAD_CONST . 2) (STORE_FAST . 3) (LOAD_FAST . 4) (STORE_FAST . 1) (LOAD_FAST . 0) (STORE_FAST . 5) (LOAD_FAST . 2) (STORE_FAST . 6) (LOAD_CONST . 5) (STORE_FAST . 4) (LOAD_CONST . 5) (STORE_FAST . 1) (LOAD_FAST . 4) (STORE_FAST . 6) (LOAD_GLOBAL . 0) (STORE_FAST . 5) (LOAD_CONST . 4) (STORE_FAST . 7) (LOAD_CONST . 3) (STORE_FAST . 8) (LOAD_FAST . 7) (STORE_FAST . 9) (LOAD_CONST . 6) (STORE_FAST . 10) (LOAD_CONST . 7) (STORE_FAST . 11) (LOAD_CONST . 8) (STORE_FAST . 12) (LOAD_CONST . 10) (STORE_FAST . 13) (LOAD_CONST . 0) (RETURN_VALUE . 0)) 3)(() #hash((0 . 5) (1 . 7) (2 . None) (3 . None) (4 . None) (5 . None) (6 . None) (7 . None) (8 . None) (9 . None) (10 . None) (11 . None) (12 . None) (13 . None)) #hash((0 . 0) (1 . 5) (2 . 7) (3 . 3) (4 . 2) (5 . 9) (6 . ana) (7 . are) (8 . mere) (9 . 1) (10 . (1 2))) #hash((0 . h)) ((LOAD_CONST . 1) (STORE_FAST . 0) (LOAD_CONST . 2) (STORE_FAST . 1) (LOAD_FAST . 0) (STORE_FAST . 2) (LOAD_CONST . 3) (STORE_FAST . 0) (LOAD_CONST . 4) (STORE_FAST . 3) (LOAD_FAST . 3) (STORE_FAST . 4) (LOAD_CONST . 2) (STORE_FAST . 3) (LOAD_FAST . 4) (STORE_FAST . 1) (LOAD_FAST . 0) (STORE_FAST . 5) (LOAD_FAST . 2) (STORE_FAST . 6) (LOAD_CONST . 5) (STORE_FAST . 4) (LOAD_CONST . 5) (STORE_FAST . 1) (LOAD_FAST . 4) (STORE_FAST . 6) (LOAD_GLOBAL . 0) (STORE_FAST . 5) (LOAD_CONST . 4) (STORE_FAST . 7) (LOAD_CONST . 3) (STORE_FAST . 8) (LOAD_FAST . 7) (STORE_FAST . 9) (LOAD_CONST . 6) (STORE_FAST . 10) (LOAD_CONST . 7) (STORE_FAST . 11) (LOAD_CONST . 8) (STORE_FAST . 12) (LOAD_CONST . 10) (STORE_FAST . 13) (LOAD_CONST . 0) (RETURN_VALUE . 0)) 4)5((5) #hash((0 . 5) (1 . 7) (2 . None) (3 . None) (4 . None) (5 . None) (6 . None) (7 . None) (8 . None) (9 . None) (10 . None) (11 . None) (12 . None) (13 . None)) #hash((0 . 0) (1 . 5) (2 . 7) (3 . 3) (4 . 2) (5 . 9) (6 . ana) (7 . are) (8 . mere) (9 . 1) (10 . (1 2))) #hash((0 . h)) ((LOAD_CONST . 1) (STORE_FAST . 0) (LOAD_CONST . 2) (STORE_FAST . 1) (LOAD_FAST . 0) (STORE_FAST . 2) (LOAD_CONST . 3) (STORE_FAST . 0) (LOAD_CONST . 4) (STORE_FAST . 3) (LOAD_FAST . 3) (STORE_FAST . 4) (LOAD_CONST . 2) (STORE_FAST . 3) (LOAD_FAST . 4) (STORE_FAST . 1) (LOAD_FAST . 0) (STORE_FAST . 5) (LOAD_FAST . 2) (STORE_FAST . 6) (LOAD_CONST . 5) (STORE_FAST . 4) (LOAD_CONST . 5) (STORE_FAST . 1) (LOAD_FAST . 4) (STORE_FAST . 6) (LOAD_GLOBAL . 0) (STORE_FAST . 5) (LOAD_CONST . 4) (STORE_FAST . 7) (LOAD_CONST . 3) (STORE_FAST . 8) (LOAD_FAST . 7) (STORE_FAST . 9) (LOAD_CONST . 6) (STORE_FAST . 10) (LOAD_CONST . 7) (STORE_FAST . 11) (LOAD_CONST . 8) (STORE_FAST . 12) (LOAD_CONST . 10) (STORE_FAST . 13) (LOAD_CONST . 0) (RETURN_VALUE . 0)) 5)(() #hash((0 . 5) (1 . 7) (2 . 5) (3 . None) (4 . None) (5 . None) (6 . None) (7 . None) (8 . None) (9 . None) (10 . None) (11 . None) (12 . None) (13 . None)) #hash((0 . 0) (1 . 5) (2 . 7) (3 . 3) (4 . 2) (5 . 9) (6 . ana) (7 . are) (8 . mere) (9 . 1) (10 . (1 2))) #hash((0 . h)) ((LOAD_CONST . 1) (STORE_FAST . 0) (LOAD_CONST . 2) (STORE_FAST . 1) (LOAD_FAST . 0) (STORE_FAST . 2) (LOAD_CONST . 3) (STORE_FAST . 0) (LOAD_CONST . 4) (STORE_FAST . 3) (LOAD_FAST . 3) (STORE_FAST . 4) (LOAD_CONST . 2) (STORE_FAST . 3) (LOAD_FAST . 4) (STORE_FAST . 1) (LOAD_FAST . 0) (STORE_FAST . 5) (LOAD_FAST . 2) (STORE_FAST . 6) (LOAD_CONST . 5) (STORE_FAST . 4) (LOAD_CONST . 5) (STORE_FAST . 1) (LOAD_FAST . 4) (STORE_FAST . 6) (LOAD_GLOBAL . 0) (STORE_FAST . 5) (LOAD_CONST . 4) (STORE_FAST . 7) (LOAD_CONST . 3) (STORE_FAST . 8) (LOAD_FAST . 7) (STORE_FAST . 9) (LOAD_CONST . 6) (STORE_FAST . 10) (LOAD_CONST . 7) (STORE_FAST . 11) (LOAD_CONST . 8) (STORE_FAST . 12) (LOAD_CONST . 10) (STORE_FAST . 13) (LOAD_CONST . 0) (RETURN_VALUE . 0)) 6)3((3) #hash((0 . 5) (1 . 7) (2 . 5) (3 . None) (4 . None) (5 . None) (6 . None) (7 . None) (8 . None) (9 . None) (10 . None) (11 . None) (12 . None) (13 . None)) #hash((0 . 0) (1 . 5) (2 . 7) (3 . 3) (4 . 2) (5 . 9) (6 . ana) (7 . are) (8 . mere) (9 . 1) (10 . (1 2))) #hash((0 . h)) ((LOAD_CONST . 1) (STORE_FAST . 0) (LOAD_CONST . 2) (STORE_FAST . 1) (LOAD_FAST . 0) (STORE_FAST . 2) (LOAD_CONST . 3) (STORE_FAST . 0) (LOAD_CONST . 4) (STORE_FAST . 3) (LOAD_FAST . 3) (STORE_FAST . 4) (LOAD_CONST . 2) (STORE_FAST . 3) (LOAD_FAST . 4) (STORE_FAST . 1) (LOAD_FAST . 0) (STORE_FAST . 5) (LOAD_FAST . 2) (STORE_FAST . 6) (LOAD_CONST . 5) (STORE_FAST . 4) (LOAD_CONST . 5) (STORE_FAST . 1) (LOAD_FAST . 4) (STORE_FAST . 6) (LOAD_GLOBAL . 0) (STORE_FAST . 5) (LOAD_CONST . 4) (STORE_FAST . 7) (LOAD_CONST . 3) (STORE_FAST . 8) (LOAD_FAST . 7) (STORE_FAST . 9) (LOAD_CONST . 6) (STORE_FAST . 10) (LOAD_CONST . 7) (STORE_FAST . 11) (LOAD_CONST . 8) (STORE_FAST . 12) (LOAD_CONST . 10) (STORE_FAST . 13) (LOAD_CONST . 0) (RETURN_VALUE . 0)) 7)(() #hash((0 . 3) (1 . 7) (2 . 5) (3 . None) (4 . None) (5 . None) (6 . None) (7 . None) (8 . None) (9 . None) (10 . None) (11 . None) (12 . None) (13 . None)) #hash((0 . 0) (1 . 5) (2 . 7) (3 . 3) (4 . 2) (5 . 9) (6 . ana) (7 . are) (8 . mere) (9 . 1) (10 . (1 2))) #hash((0 . h)) ((LOAD_CONST . 1) (STORE_FAST . 0) (LOAD_CONST . 2) (STORE_FAST . 1) (LOAD_FAST . 0) (STORE_FAST . 2) (LOAD_CONST . 3) (STORE_FAST . 0) (LOAD_CONST . 4) (STORE_FAST . 3) (LOAD_FAST . 3) (STORE_FAST . 4) (LOAD_CONST . 2) (STORE_FAST . 3) (LOAD_FAST . 4) (STORE_FAST . 1) (LOAD_FAST . 0) (STORE_FAST . 5) (LOAD_FAST . 2) (STORE_FAST . 6) (LOAD_CONST . 5) (STORE_FAST . 4) (LOAD_CONST . 5) (STORE_FAST . 1) (LOAD_FAST . 4) (STORE_FAST . 6) (LOAD_GLOBAL . 0) (STORE_FAST . 5) (LOAD_CONST . 4) (STORE_FAST . 7) (LOAD_CONST . 3) (STORE_FAST . 8) (LOAD_FAST . 7) (STORE_FAST . 9) (LOAD_CONST . 6) (STORE_FAST . 10) (LOAD_CONST . 7) (STORE_FAST . 11) (LOAD_CONST . 8) (STORE_FAST . 12) (LOAD_CONST . 10) (STORE_FAST . 13) (LOAD_CONST . 0) (RETURN_VALUE . 0)) 8)2((2) #hash((0 . 3) (1 . 7) (2 . 5) (3 . None) (4 . None) (5 . None) (6 . None) (7 . None) (8 . None) (9 . None) (10 . None) (11 . None) (12 . None) (13 . None)) #hash((0 . 0) (1 . 5) (2 . 7) (3 . 3) (4 . 2) (5 . 9) (6 . ana) (7 . are) (8 . mere) (9 . 1) (10 . (1 2))) #hash((0 . h)) ((LOAD_CONST . 1) (STORE_FAST . 0) (LOAD_CONST . 2) (STORE_FAST . 1) (LOAD_FAST . 0) (STORE_FAST . 2) (LOAD_CONST . 3) (STORE_FAST . 0) (LOAD_CONST . 4) (STORE_FAST . 3) (LOAD_FAST . 3) (STORE_FAST . 4) (LOAD_CONST . 2) (STORE_FAST . 3) (LOAD_FAST . 4) (STORE_FAST . 1) (LOAD_FAST . 0) (STORE_FAST . 5) (LOAD_FAST . 2) (STORE_FAST . 6) (LOAD_CONST . 5) (STORE_FAST . 4) (LOAD_CONST . 5) (STORE_FAST . 1) (LOAD_FAST . 4) (STORE_FAST . 6) (LOAD_GLOBAL . 0) (STORE_FAST . 5) (LOAD_CONST . 4) (STORE_FAST . 7) (LOAD_CONST . 3) (STORE_FAST . 8) (LOAD_FAST . 7) (STORE_FAST . 9) (LOAD_CONST . 6) (STORE_FAST . 10) (LOAD_CONST . 7) (STORE_FAST . 11) (LOAD_CONST . 8) (STORE_FAST . 12) (LOAD_CONST . 10) (STORE_FAST . 13) (LOAD_CONST . 0) (RETURN_VALUE . 0)) 9)(() #hash((0 . 3) (1 . 7) (2 . 5) (3 . 2) (4 . None) (5 . None) (6 . None) (7 . None) (8 . None) (9 . None) (10 . None) (11 . None) (12 . None) (13 . None)) #hash((0 . 0) (1 . 5) (2 . 7) (3 . 3) (4 . 2) (5 . 9) (6 . ana) (7 . are) (8 . mere) (9 . 1) (10 . (1 2))) #hash((0 . h)) ((LOAD_CONST . 1) (STORE_FAST . 0) (LOAD_CONST . 2) (STORE_FAST . 1) (LOAD_FAST . 0) (STORE_FAST . 2) (LOAD_CONST . 3) (STORE_FAST . 0) (LOAD_CONST . 4) (STORE_FAST . 3) (LOAD_FAST . 3) (STORE_FAST . 4) (LOAD_CONST . 2) (STORE_FAST . 3) (LOAD_FAST . 4) (STORE_FAST . 1) (LOAD_FAST . 0) (STORE_FAST . 5) (LOAD_FAST . 2) (STORE_FAST . 6) (LOAD_CONST . 5) (STORE_FAST . 4) (LOAD_CONST . 5) (STORE_FAST . 1) (LOAD_FAST . 4) (STORE_FAST . 6) (LOAD_GLOBAL . 0) (STORE_FAST . 5) (LOAD_CONST . 4) (STORE_FAST . 7) (LOAD_CONST . 3) (STORE_FAST . 8) (LOAD_FAST . 7) (STORE_FAST . 9) (LOAD_CONST . 6) (STORE_FAST . 10) (LOAD_CONST . 7) (STORE_FAST . 11) (LOAD_CONST . 8) (STORE_FAST . 12) (LOAD_CONST . 10) (STORE_FAST . 13) (LOAD_CONST . 0) (RETURN_VALUE . 0)) 10)2((2) #hash((0 . 3) (1 . 7) (2 . 5) (3 . 2) (4 . None) (5 . None) (6 . None) (7 . None) (8 . None) (9 . None) (10 . None) (11 . None) (12 . None) (13 . None)) #hash((0 . 0) (1 . 5) (2 . 7) (3 . 3) (4 . 2) (5 . 9) (6 . ana) (7 . are) (8 . mere) (9 . 1) (10 . (1 2))) #hash((0 . h)) ((LOAD_CONST . 1) (STORE_FAST . 0) (LOAD_CONST . 2) (STORE_FAST . 1) (LOAD_FAST . 0) (STORE_FAST . 2) (LOAD_CONST . 3) (STORE_FAST . 0) (LOAD_CONST . 4) (STORE_FAST . 3) (LOAD_FAST . 3) (STORE_FAST . 4) (LOAD_CONST . 2) (STORE_FAST . 3) (LOAD_FAST . 4) (STORE_FAST . 1) (LOAD_FAST . 0) (STORE_FAST . 5) (LOAD_FAST . 2) (STORE_FAST . 6) (LOAD_CONST . 5) (STORE_FAST . 4) (LOAD_CONST . 5) (STORE_FAST . 1) (LOAD_FAST . 4) (STORE_FAST . 6) (LOAD_GLOBAL . 0) (STORE_FAST . 5) (LOAD_CONST . 4) (STORE_FAST . 7) (LOAD_CONST . 3) (STORE_FAST . 8) (LOAD_FAST . 7) (STORE_FAST . 9) (LOAD_CONST . 6) (STORE_FAST . 10) (LOAD_CONST . 7) (STORE_FAST . 11) (LOAD_CONST . 8) (STORE_FAST . 12) (LOAD_CONST . 10) (STORE_FAST . 13) (LOAD_CONST . 0) (RETURN_VALUE . 0)) 11)(() #hash((0 . 3) (1 . 7) (2 . 5) (3 . 2) (4 . 2) (5 . None) (6 . None) (7 . None) (8 . None) (9 . None) (10 . None) (11 . None) (12 . None) (13 . None)) #hash((0 . 0) (1 . 5) (2 . 7) (3 . 3) (4 . 2) (5 . 9) (6 . ana) (7 . are) (8 . mere) (9 . 1) (10 . (1 2))) #hash((0 . h)) ((LOAD_CONST . 1) (STORE_FAST . 0) (LOAD_CONST . 2) (STORE_FAST . 1) (LOAD_FAST . 0) (STORE_FAST . 2) (LOAD_CONST . 3) (STORE_FAST . 0) (LOAD_CONST . 4) (STORE_FAST . 3) (LOAD_FAST . 3) (STORE_FAST . 4) (LOAD_CONST . 2) (STORE_FAST . 3) (LOAD_FAST . 4) (STORE_FAST . 1) (LOAD_FAST . 0) (STORE_FAST . 5) (LOAD_FAST . 2) (STORE_FAST . 6) (LOAD_CONST . 5) (STORE_FAST . 4) (LOAD_CONST . 5) (STORE_FAST . 1) (LOAD_FAST . 4) (STORE_FAST . 6) (LOAD_GLOBAL . 0) (STORE_FAST . 5) (LOAD_CONST . 4) (STORE_FAST . 7) (LOAD_CONST . 3) (STORE_FAST . 8) (LOAD_FAST . 7) (STORE_FAST . 9) (LOAD_CONST . 6) (STORE_FAST . 10) (LOAD_CONST . 7) (STORE_FAST . 11) (LOAD_CONST . 8) (STORE_FAST . 12) (LOAD_CONST . 10) (STORE_FAST . 13) (LOAD_CONST . 0) (RETURN_VALUE . 0)) 12)7((7) #hash((0 . 3) (1 . 7) (2 . 5) (3 . 2) (4 . 2) (5 . None) (6 . None) (7 . None) (8 . None) (9 . None) (10 . None) (11 . None) (12 . None) (13 . None)) #hash((0 . 0) (1 . 5) (2 . 7) (3 . 3) (4 . 2) (5 . 9) (6 . ana) (7 . are) (8 . mere) (9 . 1) (10 . (1 2))) #hash((0 . h)) ((LOAD_CONST . 1) (STORE_FAST . 0) (LOAD_CONST . 2) (STORE_FAST . 1) (LOAD_FAST . 0) (STORE_FAST . 2) (LOAD_CONST . 3) (STORE_FAST . 0) (LOAD_CONST . 4) (STORE_FAST . 3) (LOAD_FAST . 3) (STORE_FAST . 4) (LOAD_CONST . 2) (STORE_FAST . 3) (LOAD_FAST . 4) (STORE_FAST . 1) (LOAD_FAST . 0) (STORE_FAST . 5) (LOAD_FAST . 2) (STORE_FAST . 6) (LOAD_CONST . 5) (STORE_FAST . 4) (LOAD_CONST . 5) (STORE_FAST . 1) (LOAD_FAST . 4) (STORE_FAST . 6) (LOAD_GLOBAL . 0) (STORE_FAST . 5) (LOAD_CONST . 4) (STORE_FAST . 7) (LOAD_CONST . 3) (STORE_FAST . 8) (LOAD_FAST . 7) (STORE_FAST . 9) (LOAD_CONST . 6) (STORE_FAST . 10) (LOAD_CONST . 7) (STORE_FAST . 11) (LOAD_CONST . 8) (STORE_FAST . 12) (LOAD_CONST . 10) (STORE_FAST . 13) (LOAD_CONST . 0) (RETURN_VALUE . 0)) 13)(() #hash((0 . 3) (1 . 7) (2 . 5) (3 . 7) (4 . 2) (5 . None) (6 . None) (7 . None) (8 . None) (9 . None) (10 . None) (11 . None) (12 . None) (13 . None)) #hash((0 . 0) (1 . 5) (2 . 7) (3 . 3) (4 . 2) (5 . 9) (6 . ana) (7 . are) (8 . mere) (9 . 1) (10 . (1 2))) #hash((0 . h)) ((LOAD_CONST . 1) (STORE_FAST . 0) (LOAD_CONST . 2) (STORE_FAST . 1) (LOAD_FAST . 0) (STORE_FAST . 2) (LOAD_CONST . 3) (STORE_FAST . 0) (LOAD_CONST . 4) (STORE_FAST . 3) (LOAD_FAST . 3) (STORE_FAST . 4) (LOAD_CONST . 2) (STORE_FAST . 3) (LOAD_FAST . 4) (STORE_FAST . 1) (LOAD_FAST . 0) (STORE_FAST . 5) (LOAD_FAST . 2) (STORE_FAST . 6) (LOAD_CONST . 5) (STORE_FAST . 4) (LOAD_CONST . 5) (STORE_FAST . 1) (LOAD_FAST . 4) (STORE_FAST . 6) (LOAD_GLOBAL . 0) (STORE_FAST . 5) (LOAD_CONST . 4) (STORE_FAST . 7) (LOAD_CONST . 3) (STORE_FAST . 8) (LOAD_FAST . 7) (STORE_FAST . 9) (LOAD_CONST . 6) (STORE_FAST . 10) (LOAD_CONST . 7) (STORE_FAST . 11) (LOAD_CONST . 8) (STORE_FAST . 12) (LOAD_CONST . 10) (STORE_FAST . 13) (LOAD_CONST . 0) (RETURN_VALUE . 0)) 14)2((2) #hash((0 . 3) (1 . 7) (2 . 5) (3 . 7) (4 . 2) (5 . None) (6 . None) (7 . None) (8 . None) (9 . None) (10 . None) (11 . None) (12 . None) (13 . None)) #hash((0 . 0) (1 . 5) (2 . 7) (3 . 3) (4 . 2) (5 . 9) (6 . ana) (7 . are) (8 . mere) (9 . 1) (10 . (1 2))) #hash((0 . h)) ((LOAD_CONST . 1) (STORE_FAST . 0) (LOAD_CONST . 2) (STORE_FAST . 1) (LOAD_FAST . 0) (STORE_FAST . 2) (LOAD_CONST . 3) (STORE_FAST . 0) (LOAD_CONST . 4) (STORE_FAST . 3) (LOAD_FAST . 3) (STORE_FAST . 4) (LOAD_CONST . 2) (STORE_FAST . 3) (LOAD_FAST . 4) (STORE_FAST . 1) (LOAD_FAST . 0) (STORE_FAST . 5) (LOAD_FAST . 2) (STORE_FAST . 6) (LOAD_CONST . 5) (STORE_FAST . 4) (LOAD_CONST . 5) (STORE_FAST . 1) (LOAD_FAST . 4) (STORE_FAST . 6) (LOAD_GLOBAL . 0) (STORE_FAST . 5) (LOAD_CONST . 4) (STORE_FAST . 7) (LOAD_CONST . 3) (STORE_FAST . 8) (LOAD_FAST . 7) (STORE_FAST . 9) (LOAD_CONST . 6) (STORE_FAST . 10) (LOAD_CONST . 7) (STORE_FAST . 11) (LOAD_CONST . 8) (STORE_FAST . 12) (LOAD_CONST . 10) (STORE_FAST . 13) (LOAD_CONST . 0) (RETURN_VALUE . 0)) 15)(() #hash((0 . 3) (1 . 2) (2 . 5) (3 . 7) (4 . 2) (5 . None) (6 . None) (7 . None) (8 . None) (9 . None) (10 . None) (11 . None) (12 . None) (13 . None)) #hash((0 . 0) (1 . 5) (2 . 7) (3 . 3) (4 . 2) (5 . 9) (6 . ana) (7 . are) (8 . mere) (9 . 1) (10 . (1 2))) #hash((0 . h)) ((LOAD_CONST . 1) (STORE_FAST . 0) (LOAD_CONST . 2) (STORE_FAST . 1) (LOAD_FAST . 0) (STORE_FAST . 2) (LOAD_CONST . 3) (STORE_FAST . 0) (LOAD_CONST . 4) (STORE_FAST . 3) (LOAD_FAST . 3) (STORE_FAST . 4) (LOAD_CONST . 2) (STORE_FAST . 3) (LOAD_FAST . 4) (STORE_FAST . 1) (LOAD_FAST . 0) (STORE_FAST . 5) (LOAD_FAST . 2) (STORE_FAST . 6) (LOAD_CONST . 5) (STORE_FAST . 4) (LOAD_CONST . 5) (STORE_FAST . 1) (LOAD_FAST . 4) (STORE_FAST . 6) (LOAD_GLOBAL . 0) (STORE_FAST . 5) (LOAD_CONST . 4) (STORE_FAST . 7) (LOAD_CONST . 3) (STORE_FAST . 8) (LOAD_FAST . 7) (STORE_FAST . 9) (LOAD_CONST . 6) (STORE_FAST . 10) (LOAD_CONST . 7) (STORE_FAST . 11) (LOAD_CONST . 8) (STORE_FAST . 12) (LOAD_CONST . 10) (STORE_FAST . 13) (LOAD_CONST . 0) (RETURN_VALUE . 0)) 16)3((3) #hash((0 . 3) (1 . 2) (2 . 5) (3 . 7) (4 . 2) (5 . None) (6 . None) (7 . None) (8 . None) (9 . None) (10 . None) (11 . None) (12 . None) (13 . None)) #hash((0 . 0) (1 . 5) (2 . 7) (3 . 3) (4 . 2) (5 . 9) (6 . ana) (7 . are) (8 . mere) (9 . 1) (10 . (1 2))) #hash((0 . h)) ((LOAD_CONST . 1) (STORE_FAST . 0) (LOAD_CONST . 2) (STORE_FAST . 1) (LOAD_FAST . 0) (STORE_FAST . 2) (LOAD_CONST . 3) (STORE_FAST . 0) (LOAD_CONST . 4) (STORE_FAST . 3) (LOAD_FAST . 3) (STORE_FAST . 4) (LOAD_CONST . 2) (STORE_FAST . 3) (LOAD_FAST . 4) (STORE_FAST . 1) (LOAD_FAST . 0) (STORE_FAST . 5) (LOAD_FAST . 2) (STORE_FAST . 6) (LOAD_CONST . 5) (STORE_FAST . 4) (LOAD_CONST . 5) (STORE_FAST . 1) (LOAD_FAST . 4) (STORE_FAST . 6) (LOAD_GLOBAL . 0) (STORE_FAST . 5) (LOAD_CONST . 4) (STORE_FAST . 7) (LOAD_CONST . 3) (STORE_FAST . 8) (LOAD_FAST . 7) (STORE_FAST . 9) (LOAD_CONST . 6) (STORE_FAST . 10) (LOAD_CONST . 7) (STORE_FAST . 11) (LOAD_CONST . 8) (STORE_FAST . 12) (LOAD_CONST . 10) (STORE_FAST . 13) (LOAD_CONST . 0) (RETURN_VALUE . 0)) 17)(() #hash((0 . 3) (1 . 2) (2 . 5) (3 . 7) (4 . 2) (5 . 3) (6 . None) (7 . None) (8 . None) (9 . None) (10 . None) (11 . None) (12 . None) (13 . None)) #hash((0 . 0) (1 . 5) (2 . 7) (3 . 3) (4 . 2) (5 . 9) (6 . ana) (7 . are) (8 . mere) (9 . 1) (10 . (1 2))) #hash((0 . h)) ((LOAD_CONST . 1) (STORE_FAST . 0) (LOAD_CONST . 2) (STORE_FAST . 1) (LOAD_FAST . 0) (STORE_FAST . 2) (LOAD_CONST . 3) (STORE_FAST . 0) (LOAD_CONST . 4) (STORE_FAST . 3) (LOAD_FAST . 3) (STORE_FAST . 4) (LOAD_CONST . 2) (STORE_FAST . 3) (LOAD_FAST . 4) (STORE_FAST . 1) (LOAD_FAST . 0) (STORE_FAST . 5) (LOAD_FAST . 2) (STORE_FAST . 6) (LOAD_CONST . 5) (STORE_FAST . 4) (LOAD_CONST . 5) (STORE_FAST . 1) (LOAD_FAST . 4) (STORE_FAST . 6) (LOAD_GLOBAL . 0) (STORE_FAST . 5) (LOAD_CONST . 4) (STORE_FAST . 7) (LOAD_CONST . 3) (STORE_FAST . 8) (LOAD_FAST . 7) (STORE_FAST . 9) (LOAD_CONST . 6) (STORE_FAST . 10) (LOAD_CONST . 7) (STORE_FAST . 11) (LOAD_CONST . 8) (STORE_FAST . 12) (LOAD_CONST . 10) (STORE_FAST . 13) (LOAD_CONST . 0) (RETURN_VALUE . 0)) 18)5((5) #hash((0 . 3) (1 . 2) (2 . 5) (3 . 7) (4 . 2) (5 . 3) (6 . None) (7 . None) (8 . None) (9 . None) (10 . None) (11 . None) (12 . None) (13 . None)) #hash((0 . 0) (1 . 5) (2 . 7) (3 . 3) (4 . 2) (5 . 9) (6 . ana) (7 . are) (8 . mere) (9 . 1) (10 . (1 2))) #hash((0 . h)) ((LOAD_CONST . 1) (STORE_FAST . 0) (LOAD_CONST . 2) (STORE_FAST . 1) (LOAD_FAST . 0) (STORE_FAST . 2) (LOAD_CONST . 3) (STORE_FAST . 0) (LOAD_CONST . 4) (STORE_FAST . 3) (LOAD_FAST . 3) (STORE_FAST . 4) (LOAD_CONST . 2) (STORE_FAST . 3) (LOAD_FAST . 4) (STORE_FAST . 1) (LOAD_FAST . 0) (STORE_FAST . 5) (LOAD_FAST . 2) (STORE_FAST . 6) (LOAD_CONST . 5) (STORE_FAST . 4) (LOAD_CONST . 5) (STORE_FAST . 1) (LOAD_FAST . 4) (STORE_FAST . 6) (LOAD_GLOBAL . 0) (STORE_FAST . 5) (LOAD_CONST . 4) (STORE_FAST . 7) (LOAD_CONST . 3) (STORE_FAST . 8) (LOAD_FAST . 7) (STORE_FAST . 9) (LOAD_CONST . 6) (STORE_FAST . 10) (LOAD_CONST . 7) (STORE_FAST . 11) (LOAD_CONST . 8) (STORE_FAST . 12) (LOAD_CONST . 10) (STORE_FAST . 13) (LOAD_CONST . 0) (RETURN_VALUE . 0)) 19)(() #hash((0 . 3) (1 . 2) (2 . 5) (3 . 7) (4 . 2) (5 . 3) (6 . 5) (7 . None) (8 . None) (9 . None) (10 . None) (11 . None) (12 . None) (13 . None)) #hash((0 . 0) (1 . 5) (2 . 7) (3 . 3) (4 . 2) (5 . 9) (6 . ana) (7 . are) (8 . mere) (9 . 1) (10 . (1 2))) #hash((0 . h)) ((LOAD_CONST . 1) (STORE_FAST . 0) (LOAD_CONST . 2) (STORE_FAST . 1) (LOAD_FAST . 0) (STORE_FAST . 2) (LOAD_CONST . 3) (STORE_FAST . 0) (LOAD_CONST . 4) (STORE_FAST . 3) (LOAD_FAST . 3) (STORE_FAST . 4) (LOAD_CONST . 2) (STORE_FAST . 3) (LOAD_FAST . 4) (STORE_FAST . 1) (LOAD_FAST . 0) (STORE_FAST . 5) (LOAD_FAST . 2) (STORE_FAST . 6) (LOAD_CONST . 5) (STORE_FAST . 4) (LOAD_CONST . 5) (STORE_FAST . 1) (LOAD_FAST . 4) (STORE_FAST . 6) (LOAD_GLOBAL . 0) (STORE_FAST . 5) (LOAD_CONST . 4) (STORE_FAST . 7) (LOAD_CONST . 3) (STORE_FAST . 8) (LOAD_FAST . 7) (STORE_FAST . 9) (LOAD_CONST . 6) (STORE_FAST . 10) (LOAD_CONST . 7) (STORE_FAST . 11) (LOAD_CONST . 8) (STORE_FAST . 12) (LOAD_CONST . 10) (STORE_FAST . 13) (LOAD_CONST . 0) (RETURN_VALUE . 0)) 20)9((9) #hash((0 . 3) (1 . 2) (2 . 5) (3 . 7) (4 . 2) (5 . 3) (6 . 5) (7 . None) (8 . None) (9 . None) (10 . None) (11 . None) (12 . None) (13 . None)) #hash((0 . 0) (1 . 5) (2 . 7) (3 . 3) (4 . 2) (5 . 9) (6 . ana) (7 . are) (8 . mere) (9 . 1) (10 . (1 2))) #hash((0 . h)) ((LOAD_CONST . 1) (STORE_FAST . 0) (LOAD_CONST . 2) (STORE_FAST . 1) (LOAD_FAST . 0) (STORE_FAST . 2) (LOAD_CONST . 3) (STORE_FAST . 0) (LOAD_CONST . 4) (STORE_FAST . 3) (LOAD_FAST . 3) (STORE_FAST . 4) (LOAD_CONST . 2) (STORE_FAST . 3) (LOAD_FAST . 4) (STORE_FAST . 1) (LOAD_FAST . 0) (STORE_FAST . 5) (LOAD_FAST . 2) (STORE_FAST . 6) (LOAD_CONST . 5) (STORE_FAST . 4) (LOAD_CONST . 5) (STORE_FAST . 1) (LOAD_FAST . 4) (STORE_FAST . 6) (LOAD_GLOBAL . 0) (STORE_FAST . 5) (LOAD_CONST . 4) (STORE_FAST . 7) (LOAD_CONST . 3) (STORE_FAST . 8) (LOAD_FAST . 7) (STORE_FAST . 9) (LOAD_CONST . 6) (STORE_FAST . 10) (LOAD_CONST . 7) (STORE_FAST . 11) (LOAD_CONST . 8) (STORE_FAST . 12) (LOAD_CONST . 10) (STORE_FAST . 13) (LOAD_CONST . 0) (RETURN_VALUE . 0)) 21)(() #hash((0 . 3) (1 . 2) (2 . 5) (3 . 7) (4 . 9) (5 . 3) (6 . 5) (7 . None) (8 . None) (9 . None) (10 . None) (11 . None) (12 . None) (13 . None)) #hash((0 . 0) (1 . 5) (2 . 7) (3 . 3) (4 . 2) (5 . 9) (6 . ana) (7 . are) (8 . mere) (9 . 1) (10 . (1 2))) #hash((0 . h)) ((LOAD_CONST . 1) (STORE_FAST . 0) (LOAD_CONST . 2) (STORE_FAST . 1) (LOAD_FAST . 0) (STORE_FAST . 2) (LOAD_CONST . 3) (STORE_FAST . 0) (LOAD_CONST . 4) (STORE_FAST . 3) (LOAD_FAST . 3) (STORE_FAST . 4) (LOAD_CONST . 2) (STORE_FAST . 3) (LOAD_FAST . 4) (STORE_FAST . 1) (LOAD_FAST . 0) (STORE_FAST . 5) (LOAD_FAST . 2) (STORE_FAST . 6) (LOAD_CONST . 5) (STORE_FAST . 4) (LOAD_CONST . 5) (STORE_FAST . 1) (LOAD_FAST . 4) (STORE_FAST . 6) (LOAD_GLOBAL . 0) (STORE_FAST . 5) (LOAD_CONST . 4) (STORE_FAST . 7) (LOAD_CONST . 3) (STORE_FAST . 8) (LOAD_FAST . 7) (STORE_FAST . 9) (LOAD_CONST . 6) (STORE_FAST . 10) (LOAD_CONST . 7) (STORE_FAST . 11) (LOAD_CONST . 8) (STORE_FAST . 12) (LOAD_CONST . 10) (STORE_FAST . 13) (LOAD_CONST . 0) (RETURN_VALUE . 0)) 22)9((9) #hash((0 . 3) (1 . 2) (2 . 5) (3 . 7) (4 . 9) (5 . 3) (6 . 5) (7 . None) (8 . None) (9 . None) (10 . None) (11 . None) (12 . None) (13 . None)) #hash((0 . 0) (1 . 5) (2 . 7) (3 . 3) (4 . 2) (5 . 9) (6 . ana) (7 . are) (8 . mere) (9 . 1) (10 . (1 2))) #hash((0 . h)) ((LOAD_CONST . 1) (STORE_FAST . 0) (LOAD_CONST . 2) (STORE_FAST . 1) (LOAD_FAST . 0) (STORE_FAST . 2) (LOAD_CONST . 3) (STORE_FAST . 0) (LOAD_CONST . 4) (STORE_FAST . 3) (LOAD_FAST . 3) (STORE_FAST . 4) (LOAD_CONST . 2) (STORE_FAST . 3) (LOAD_FAST . 4) (STORE_FAST . 1) (LOAD_FAST . 0) (STORE_FAST . 5) (LOAD_FAST . 2) (STORE_FAST . 6) (LOAD_CONST . 5) (STORE_FAST . 4) (LOAD_CONST . 5) (STORE_FAST . 1) (LOAD_FAST . 4) (STORE_FAST . 6) (LOAD_GLOBAL . 0) (STORE_FAST . 5) (LOAD_CONST . 4) (STORE_FAST . 7) (LOAD_CONST . 3) (STORE_FAST . 8) (LOAD_FAST . 7) (STORE_FAST . 9) (LOAD_CONST . 6) (STORE_FAST . 10) (LOAD_CONST . 7) (STORE_FAST . 11) (LOAD_CONST . 8) (STORE_FAST . 12) (LOAD_CONST . 10) (STORE_FAST . 13) (LOAD_CONST . 0) (RETURN_VALUE . 0)) 23)(() #hash((0 . 3) (1 . 9) (2 . 5) (3 . 7) (4 . 9) (5 . 3) (6 . 5) (7 . None) (8 . None) (9 . None) (10 . None) (11 . None) (12 . None) (13 . None)) #hash((0 . 0) (1 . 5) (2 . 7) (3 . 3) (4 . 2) (5 . 9) (6 . ana) (7 . are) (8 . mere) (9 . 1) (10 . (1 2))) #hash((0 . h)) ((LOAD_CONST . 1) (STORE_FAST . 0) (LOAD_CONST . 2) (STORE_FAST . 1) (LOAD_FAST . 0) (STORE_FAST . 2) (LOAD_CONST . 3) (STORE_FAST . 0) (LOAD_CONST . 4) (STORE_FAST . 3) (LOAD_FAST . 3) (STORE_FAST . 4) (LOAD_CONST . 2) (STORE_FAST . 3) (LOAD_FAST . 4) (STORE_FAST . 1) (LOAD_FAST . 0) (STORE_FAST . 5) (LOAD_FAST . 2) (STORE_FAST . 6) (LOAD_CONST . 5) (STORE_FAST . 4) (LOAD_CONST . 5) (STORE_FAST . 1) (LOAD_FAST . 4) (STORE_FAST . 6) (LOAD_GLOBAL . 0) (STORE_FAST . 5) (LOAD_CONST . 4) (STORE_FAST . 7) (LOAD_CONST . 3) (STORE_FAST . 8) (LOAD_FAST . 7) (STORE_FAST . 9) (LOAD_CONST . 6) (STORE_FAST . 10) (LOAD_CONST . 7) (STORE_FAST . 11) (LOAD_CONST . 8) (STORE_FAST . 12) (LOAD_CONST . 10) (STORE_FAST . 13) (LOAD_CONST . 0) (RETURN_VALUE . 0)) 24)9((9) #hash((0 . 3) (1 . 9) (2 . 5) (3 . 7) (4 . 9) (5 . 3) (6 . 5) (7 . None) (8 . None) (9 . None) (10 . None) (11 . None) (12 . None) (13 . None)) #hash((0 . 0) (1 . 5) (2 . 7) (3 . 3) (4 . 2) (5 . 9) (6 . ana) (7 . are) (8 . mere) (9 . 1) (10 . (1 2))) #hash((0 . h)) ((LOAD_CONST . 1) (STORE_FAST . 0) (LOAD_CONST . 2) (STORE_FAST . 1) (LOAD_FAST . 0) (STORE_FAST . 2) (LOAD_CONST . 3) (STORE_FAST . 0) (LOAD_CONST . 4) (STORE_FAST . 3) (LOAD_FAST . 3) (STORE_FAST . 4) (LOAD_CONST . 2) (STORE_FAST . 3) (LOAD_FAST . 4) (STORE_FAST . 1) (LOAD_FAST . 0) (STORE_FAST . 5) (LOAD_FAST . 2) (STORE_FAST . 6) (LOAD_CONST . 5) (STORE_FAST . 4) (LOAD_CONST . 5) (STORE_FAST . 1) (LOAD_FAST . 4) (STORE_FAST . 6) (LOAD_GLOBAL . 0) (STORE_FAST . 5) (LOAD_CONST . 4) (STORE_FAST . 7) (LOAD_CONST . 3) (STORE_FAST . 8) (LOAD_FAST . 7) (STORE_FAST . 9) (LOAD_CONST . 6) (STORE_FAST . 10) (LOAD_CONST . 7) (STORE_FAST . 11) (LOAD_CONST . 8) (STORE_FAST . 12) (LOAD_CONST . 10) (STORE_FAST . 13) (LOAD_CONST . 0) (RETURN_VALUE . 0)) 25)(() #hash((0 . 3) (1 . 9) (2 . 5) (3 . 7) (4 . 9) (5 . 3) (6 . 9) (7 . None) (8 . None) (9 . None) (10 . None) (11 . None) (12 . None) (13 . None)) #hash((0 . 0) (1 . 5) (2 . 7) (3 . 3) (4 . 2) (5 . 9) (6 . ana) (7 . are) (8 . mere) (9 . 1) (10 . (1 2))) #hash((0 . h)) ((LOAD_CONST . 1) (STORE_FAST . 0) (LOAD_CONST . 2) (STORE_FAST . 1) (LOAD_FAST . 0) (STORE_FAST . 2) (LOAD_CONST . 3) (STORE_FAST . 0) (LOAD_CONST . 4) (STORE_FAST . 3) (LOAD_FAST . 3) (STORE_FAST . 4) (LOAD_CONST . 2) (STORE_FAST . 3) (LOAD_FAST . 4) (STORE_FAST . 1) (LOAD_FAST . 0) (STORE_FAST . 5) (LOAD_FAST . 2) (STORE_FAST . 6) (LOAD_CONST . 5) (STORE_FAST . 4) (LOAD_CONST . 5) (STORE_FAST . 1) (LOAD_FAST . 4) (STORE_FAST . 6) (LOAD_GLOBAL . 0) (STORE_FAST . 5) (LOAD_CONST . 4) (STORE_FAST . 7) (LOAD_CONST . 3) (STORE_FAST . 8) (LOAD_FAST . 7) (STORE_FAST . 9) (LOAD_CONST . 6) (STORE_FAST . 10) (LOAD_CONST . 7) (STORE_FAST . 11) (LOAD_CONST . 8) (STORE_FAST . 12) (LOAD_CONST . 10) (STORE_FAST . 13) (LOAD_CONST . 0) (RETURN_VALUE . 0)) 26)