(() #hash((0 . None) (1 . None)) #hash((0 . 0) (1 . 5) (2 . 4) (3 . 1) (4 . 3)) #hash() ((LOAD_CONST . 1) (STORE_FAST . 0) (LOAD_CONST . 2) (STORE_FAST . 1) (LOAD_FAST . 0) (LOAD_FAST . 1) (COMPARE_OP . 3) (POP_JUMP_IF_FALSE . 32) (LOAD_FAST . 0) (LOAD_CONST . 3) (INPLACE_ADD . 0) (STORE_FAST . 0) (LOAD_FAST . 1) (LOAD_CONST . 3) (INPLACE_SUBTRACT . 0) (STORE_FAST . 1) (LOAD_FAST . 1) (LOAD_CONST . 4) (COMPARE_OP . 3) (POP_JUMP_IF_FALSE . 48) (LOAD_FAST . 0) (STORE_FAST . 1) (LOAD_FAST . 1) (STORE_FAST . 0) (LOAD_CONST . 0) (RETURN_VALUE . 0)) 0)5((5) #hash((0 . None) (1 . None)) #hash((0 . 0) (1 . 5) (2 . 4) (3 . 1) (4 . 3)) #hash() ((LOAD_CONST . 1) (STORE_FAST . 0) (LOAD_CONST . 2) (STORE_FAST . 1) (LOAD_FAST . 0) (LOAD_FAST . 1) (COMPARE_OP . 3) (POP_JUMP_IF_FALSE . 32) (LOAD_FAST . 0) (LOAD_CONST . 3) (INPLACE_ADD . 0) (STORE_FAST . 0) (LOAD_FAST . 1) (LOAD_CONST . 3) (INPLACE_SUBTRACT . 0) (STORE_FAST . 1) (LOAD_FAST . 1) (LOAD_CONST . 4) (COMPARE_OP . 3) (POP_JUMP_IF_FALSE . 48) (LOAD_FAST . 0) (STORE_FAST . 1) (LOAD_FAST . 1) (STORE_FAST . 0) (LOAD_CONST . 0) (RETURN_VALUE . 0)) 1)(() #hash((0 . 5) (1 . None)) #hash((0 . 0) (1 . 5) (2 . 4) (3 . 1) (4 . 3)) #hash() ((LOAD_CONST . 1) (STORE_FAST . 0) (LOAD_CONST . 2) (STORE_FAST . 1) (LOAD_FAST . 0) (LOAD_FAST . 1) (COMPARE_OP . 3) (POP_JUMP_IF_FALSE . 32) (LOAD_FAST . 0) (LOAD_CONST . 3) (INPLACE_ADD . 0) (STORE_FAST . 0) (LOAD_FAST . 1) (LOAD_CONST . 3) (INPLACE_SUBTRACT . 0) (STORE_FAST . 1) (LOAD_FAST . 1) (LOAD_CONST . 4) (COMPARE_OP . 3) (POP_JUMP_IF_FALSE . 48) (LOAD_FAST . 0) (STORE_FAST . 1) (LOAD_FAST . 1) (STORE_FAST . 0) (LOAD_CONST . 0) (RETURN_VALUE . 0)) 2)4((4) #hash((0 . 5) (1 . None)) #hash((0 . 0) (1 . 5) (2 . 4) (3 . 1) (4 . 3)) #hash() ((LOAD_CONST . 1) (STORE_FAST . 0) (LOAD_CONST . 2) (STORE_FAST . 1) (LOAD_FAST . 0) (LOAD_FAST . 1) (COMPARE_OP . 3) (POP_JUMP_IF_FALSE . 32) (LOAD_FAST . 0) (LOAD_CONST . 3) (INPLACE_ADD . 0) (STORE_FAST . 0) (LOAD_FAST . 1) (LOAD_CONST . 3) (INPLACE_SUBTRACT . 0) (STORE_FAST . 1) (LOAD_FAST . 1) (LOAD_CONST . 4) (COMPARE_OP . 3) (POP_JUMP_IF_FALSE . 48) (LOAD_FAST . 0) (STORE_FAST . 1) (LOAD_FAST . 1) (STORE_FAST . 0) (LOAD_CONST . 0) (RETURN_VALUE . 0)) 3)(() #hash((0 . 5) (1 . 4)) #hash((0 . 0) (1 . 5) (2 . 4) (3 . 1) (4 . 3)) #hash() ((LOAD_CONST . 1) (STORE_FAST . 0) (LOAD_CONST . 2) (STORE_FAST . 1) (LOAD_FAST . 0) (LOAD_FAST . 1) (COMPARE_OP . 3) (POP_JUMP_IF_FALSE . 32) (LOAD_FAST . 0) (LOAD_CONST . 3) (INPLACE_ADD . 0) (STORE_FAST . 0) (LOAD_FAST . 1) (LOAD_CONST . 3) (INPLACE_SUBTRACT . 0) (STORE_FAST . 1) (LOAD_FAST . 1) (LOAD_CONST . 4) (COMPARE_OP . 3) (POP_JUMP_IF_FALSE . 48) (LOAD_FAST . 0) (STORE_FAST . 1) (LOAD_FAST . 1) (STORE_FAST . 0) (LOAD_CONST . 0) (RETURN_VALUE . 0)) 4)5((5) #hash((0 . 5) (1 . 4)) #hash((0 . 0) (1 . 5) (2 . 4) (3 . 1) (4 . 3)) #hash() ((LOAD_CONST . 1) (STORE_FAST . 0) (LOAD_CONST . 2) (STORE_FAST . 1) (LOAD_FAST . 0) (LOAD_FAST . 1) (COMPARE_OP . 3) (POP_JUMP_IF_FALSE . 32) (LOAD_FAST . 0) (LOAD_CONST . 3) (INPLACE_ADD . 0) (STORE_FAST . 0) (LOAD_FAST . 1) (LOAD_CONST . 3) (INPLACE_SUBTRACT . 0) (STORE_FAST . 1) (LOAD_FAST . 1) (LOAD_CONST . 4) (COMPARE_OP . 3) (POP_JUMP_IF_FALSE . 48) (LOAD_FAST . 0) (STORE_FAST . 1) (LOAD_FAST . 1) (STORE_FAST . 0) (LOAD_CONST . 0) (RETURN_VALUE . 0)) 5)4((4 5) #hash((0 . 5) (1 . 4)) #hash((0 . 0) (1 . 5) (2 . 4) (3 . 1) (4 . 3)) #hash() ((LOAD_CONST . 1) (STORE_FAST . 0) (LOAD_CONST . 2) (STORE_FAST . 1) (LOAD_FAST . 0) (LOAD_FAST . 1) (COMPARE_OP . 3) (POP_JUMP_IF_FALSE . 32) (LOAD_FAST . 0) (LOAD_CONST . 3) (INPLACE_ADD . 0) (STORE_FAST . 0) (LOAD_FAST . 1) (LOAD_CONST . 3) (INPLACE_SUBTRACT . 0) (STORE_FAST . 1) (LOAD_FAST . 1) (LOAD_CONST . 4) (COMPARE_OP . 3) (POP_JUMP_IF_FALSE . 48) (LOAD_FAST . 0) (STORE_FAST . 1) (LOAD_FAST . 1) (STORE_FAST . 0) (LOAD_CONST . 0) (RETURN_VALUE . 0)) 6)