(() #hash((0 . None) (1 . None)) #hash((0 . 0) (1 . 2) (2 . 3)) #hash() ((LOAD_CONST . 1) (STORE_FAST . 0) (LOAD_CONST . 2) (STORE_FAST . 1) (LOAD_FAST . 0) (LOAD_FAST . 1) (BINARY_MODULO . 0) (RETURN_VALUE . 0)) 0)2((2) #hash((0 . None) (1 . None)) #hash((0 . 0) (1 . 2) (2 . 3)) #hash() ((LOAD_CONST . 1) (STORE_FAST . 0) (LOAD_CONST . 2) (STORE_FAST . 1) (LOAD_FAST . 0) (LOAD_FAST . 1) (BINARY_MODULO . 0) (RETURN_VALUE . 0)) 1)(() #hash((0 . 2) (1 . None)) #hash((0 . 0) (1 . 2) (2 . 3)) #hash() ((LOAD_CONST . 1) (STORE_FAST . 0) (LOAD_CONST . 2) (STORE_FAST . 1) (LOAD_FAST . 0) (LOAD_FAST . 1) (BINARY_MODULO . 0) (RETURN_VALUE . 0)) 2)3((3) #hash((0 . 2) (1 . None)) #hash((0 . 0) (1 . 2) (2 . 3)) #hash() ((LOAD_CONST . 1) (STORE_FAST . 0) (LOAD_CONST . 2) (STORE_FAST . 1) (LOAD_FAST . 0) (LOAD_FAST . 1) (BINARY_MODULO . 0) (RETURN_VALUE . 0)) 3)(() #hash((0 . 2) (1 . 3)) #hash((0 . 0) (1 . 2) (2 . 3)) #hash() ((LOAD_CONST . 1) (STORE_FAST . 0) (LOAD_CONST . 2) (STORE_FAST . 1) (LOAD_FAST . 0) (LOAD_FAST . 1) (BINARY_MODULO . 0) (RETURN_VALUE . 0)) 4)2((2) #hash((0 . 2) (1 . 3)) #hash((0 . 0) (1 . 2) (2 . 3)) #hash() ((LOAD_CONST . 1) (STORE_FAST . 0) (LOAD_CONST . 2) (STORE_FAST . 1) (LOAD_FAST . 0) (LOAD_FAST . 1) (BINARY_MODULO . 0) (RETURN_VALUE . 0)) 5)3((3 2) #hash((0 . 2) (1 . 3)) #hash((0 . 0) (1 . 2) (2 . 3)) #hash() ((LOAD_CONST . 1) (STORE_FAST . 0) (LOAD_CONST . 2) (STORE_FAST . 1) (LOAD_FAST . 0) (LOAD_FAST . 1) (BINARY_MODULO . 0) (RETURN_VALUE . 0)) 6)